  done combo_funding_reversion 15m
  done combo_funding_reversion 30m
  done combo_breakout_confirmed 30m
  done combo_breakout_confirmed 15m
  done supertrend_flip 30m
  done combo_trend_pullback 30m
  done combo_trend_pullback 15m
  done donchian_breakout 30m
  done combo_vol_flow 15m

==============================================================================================================
A. COST PER TRADE vs STOP WIDTH  (taker execution, the realistic case)
==============================================================================================================

cost_r (R consumed per trade) - should fall as 1/stop:
stop_mult                      1.0    1.5    1.8    2.5    3.5    5.0    7.0
strategy                 tf                                                 
combo_breakout_confirmed 15  0.374  0.264  0.215  0.154  0.115  0.089  0.067
                         30  0.243  0.171  0.143  0.109  0.080  0.058  0.043
combo_funding_reversion  15  0.293  0.195  0.163  0.123  0.097  0.075  0.054
                         30  0.198  0.136  0.116  0.089  0.069  0.048  0.035
combo_trend_pullback     15  0.491  0.331  0.258  0.189  0.136  0.099  0.074
                         30  0.309  0.195  0.164  0.124  0.092  0.068  0.050
combo_vol_flow           15  0.933  0.651  0.527  0.368  0.263  0.193  0.144
donchian_breakout        30  0.234  0.159  0.130  0.098  0.071  0.053  0.039
supertrend_flip          30  0.322  0.224  0.185  0.145  0.107  0.080  0.059

net expectancy_r (gross - cost) at taker costs:
stop_mult                       1.0     1.5     1.8     2.5     3.5     5.0     7.0
strategy                 tf                                                        
combo_breakout_confirmed 15 -0.2526 -0.1854 -0.1297 -0.0958 -0.0519 -0.0416 -0.0149
                         30 -0.1394 -0.0709 -0.0339 -0.0112  0.0374  0.0609  0.0536
combo_funding_reversion  15 -0.1113 -0.0539  0.0086 -0.0195 -0.0047 -0.0162 -0.0231
                         30 -0.0440 -0.0289 -0.0540  0.0257  0.0244  0.0712  0.0392
combo_trend_pullback     15 -0.3274 -0.2349 -0.1936 -0.1502 -0.1044 -0.0598 -0.0460
                         30 -0.2242 -0.1614 -0.1547 -0.1058 -0.0477 -0.0543 -0.0123
combo_vol_flow           15 -0.5792 -0.3701 -0.2620 -0.1486 -0.0991 -0.0823 -0.0415
donchian_breakout        30 -0.1387 -0.0778 -0.0629 -0.0419 -0.0232  0.0245  0.0130
supertrend_flip          30 -0.2158 -0.1038 -0.0878 -0.0423  0.0019  0.0090  0.0048

gross_r (does the edge survive a wider stop?):
stop_mult                      1.0    1.5    1.8    2.5    3.5    5.0    7.0
strategy                 tf                                                 
combo_breakout_confirmed 15  0.121  0.079  0.085  0.058  0.063  0.048  0.052
                         30  0.104  0.100  0.109  0.098  0.118  0.119  0.097
combo_funding_reversion  15  0.181  0.141  0.172  0.104  0.092  0.058  0.031
                         30  0.154  0.107  0.062  0.115  0.093  0.119  0.074
combo_trend_pullback     15  0.164  0.096  0.065  0.039  0.031  0.039  0.028
                         30  0.085  0.033  0.010  0.018  0.044  0.013  0.037
combo_vol_flow           15  0.354  0.281  0.265  0.220  0.164  0.111  0.102
donchian_breakout        30  0.096  0.081  0.068  0.056  0.048  0.078  0.052
supertrend_flip          30  0.106  0.121  0.097  0.103  0.109  0.089  0.064

==============================================================================================================
B. EXECUTION COST SCENARIOS  (stop_mult = 1.8, the sweep's setting)
==============================================================================================================

--- taker (real) ---
                strategy  tf  trades  gross_r  cost_r   exp_r  sharpe  max_dd  net_return
 combo_funding_reversion  15     680   0.1715  0.1629  0.0086  0.0101  0.1913      0.0066
 combo_funding_reversion  30     363   0.0621  0.1160 -0.0540 -0.0272  0.2643     -0.1713
combo_breakout_confirmed  30    1394   0.1092  0.1430 -0.0339 -0.0280  0.4865     -0.3009
combo_breakout_confirmed  15    1511   0.0855  0.2152 -0.1297 -0.1648  0.8234     -0.8196
         supertrend_flip  30    1428   0.0974  0.1852 -0.0878 -0.1056  0.7272     -0.6693
    combo_trend_pullback  30    1075   0.0097  0.1644 -0.1547 -0.1695  0.7735     -0.7718
    combo_trend_pullback  15    1624   0.0649  0.2585 -0.1936 -0.2454  0.9361     -0.9350
       donchian_breakout  30    1500   0.0675  0.1304 -0.0629 -0.0804  0.6356     -0.5627
          combo_vol_flow  15     679   0.2651  0.5272 -0.2620 -0.1999  0.8054     -0.7774

--- vip_taker ---
                strategy  tf  trades  gross_r  cost_r   exp_r  sharpe  max_dd  net_return
 combo_funding_reversion  15     674   0.1209  0.1169  0.0040  0.0031  0.2306     -0.0431
 combo_funding_reversion  30     361   0.0285  0.0827 -0.0542 -0.0261  0.2591     -0.1664
combo_breakout_confirmed  30    1486   0.0842  0.1014 -0.0172 -0.0100  0.3915     -0.1851
combo_breakout_confirmed  15    1945   0.0698  0.1521 -0.0823 -0.1136  0.7551     -0.7439
         supertrend_flip  30    1553   0.0684  0.1341 -0.0657 -0.0835  0.7126     -0.6127
    combo_trend_pullback  30    1177   0.0009  0.1177 -0.1168 -0.1326  0.7254     -0.7101
    combo_trend_pullback  15    1957   0.0210  0.1757 -0.1547 -0.2167  0.9276     -0.9274
       donchian_breakout  30    1707   0.0448  0.0933 -0.0485 -0.0647  0.6202     -0.5240
          combo_vol_flow  15     756   0.1770  0.3641 -0.1871 -0.1517  0.7482     -0.6974

--- maker* ---
                strategy  tf  trades  gross_r  cost_r   exp_r  sharpe  max_dd  net_return
 combo_funding_reversion  15     683   0.0646  0.0463  0.0183  0.0163  0.1857      0.0531
 combo_funding_reversion  30     361  -0.0105  0.0331 -0.0435 -0.0232  0.2437     -0.1533
combo_breakout_confirmed  30    1684   0.0539  0.0394  0.0145  0.0401  0.3647      0.3211
combo_breakout_confirmed  15    2872   0.0287  0.0603 -0.0317 -0.0494  0.6066     -0.5780
         supertrend_flip  30    1919   0.0231  0.0537 -0.0307 -0.0333  0.6186     -0.4060
    combo_trend_pullback  30    1398  -0.0174  0.0461 -0.0635 -0.0816  0.6054     -0.5806
    combo_trend_pullback  15    2612  -0.0152  0.0665 -0.0817 -0.1317  0.8725     -0.8511
       donchian_breakout  30    2362   0.0224  0.0382 -0.0158 -0.0107  0.5367     -0.2556
          combo_vol_flow  15     810   0.0845  0.1414 -0.0569 -0.0425  0.5148     -0.3362

--- half_fill* ---
                strategy  tf  trades  gross_r  cost_r   exp_r  sharpe  max_dd  net_return
 combo_funding_reversion  15     683   0.0646  0.0463  0.0183  0.0163  0.1857      0.0531
 combo_funding_reversion  30     361  -0.0105  0.0331 -0.0435 -0.0232  0.2437     -0.1533
combo_breakout_confirmed  30    1684   0.0539  0.0394  0.0145  0.0401  0.3647      0.3211
combo_breakout_confirmed  15    2872   0.0287  0.0603 -0.0317 -0.0494  0.6066     -0.5780
         supertrend_flip  30    1919   0.0231  0.0537 -0.0307 -0.0333  0.6186     -0.4060
    combo_trend_pullback  30    1398  -0.0174  0.0461 -0.0635 -0.0816  0.6054     -0.5806
    combo_trend_pullback  15    2612  -0.0152  0.0665 -0.0817 -0.1317  0.8725     -0.8511
       donchian_breakout  30    2362   0.0224  0.0382 -0.0158 -0.0107  0.5367     -0.2556
          combo_vol_flow  15     810   0.0845  0.1414 -0.0569 -0.0425  0.5148     -0.3362

==============================================================================================================
C. ANYTHING PROFITABLE AT REALISTIC (TAKER) COSTS?
==============================================================================================================
                strategy  tf  stop_mult  trades  stop_pct  gross_r  cost_r  exp_r  sharpe  max_dd  win_rate  net_return
 combo_funding_reversion  30        5.0      80    0.0320   0.1191  0.0478 0.0712  0.0278  0.0588    0.5250      0.0503
combo_breakout_confirmed  30        5.0     442    0.0273   0.1190  0.0580 0.0609  0.0532  0.1560    0.5317      0.2198
combo_breakout_confirmed  30        7.0     309    0.0359   0.0968  0.0432 0.0536  0.0561  0.0910    0.5340      0.1634
 combo_funding_reversion  30        7.0      50    0.0441   0.0741  0.0349 0.0392  0.0162  0.0334    0.5800      0.0174
combo_breakout_confirmed  30        3.5     801    0.0194   0.1175  0.0802 0.0374  0.0521  0.1792    0.5456      0.3262
 combo_funding_reversion  30        2.5     219    0.0163   0.1147  0.0890 0.0257  0.0122  0.1108    0.5434      0.0298
       donchian_breakout  30        5.0     639    0.0274   0.0778  0.0533 0.0245  0.0316  0.1187    0.5023      0.1333
 combo_funding_reversion  30        3.5     114    0.0221   0.0930  0.0686 0.0244  0.0104  0.0888    0.5175      0.0191
