
========================================================================================================
stop_scale=1.0  pool=110,208  15m
========================================================================================================
  reg thr=0.0   trades=1043  meanR=-0.1384 CI[-0.1946,-0.0813] p=0.000 win=46.1% grossR=+0.001 costR=0.139 | 100->27.55U (-72.5% over 4.5y, CAGR -24.9%, maxDD 72.5%)
  reg thr=0.05  trades=959   meanR=-0.1060 CI[-0.1647,-0.0477] p=0.000 win=48.8% grossR=+0.038 costR=0.144 | 100->42.25U (-57.7% over 4.5y, CAGR -17.4%, maxDD 58.2%)
  reg thr=0.1   trades=767   meanR=-0.1294 CI[-0.1961,-0.0630] p=0.000 win=47.2% grossR=+0.019 costR=0.149 | 100->43.22U (-56.8% over 4.5y, CAGR -17.0%, maxDD 56.8%)
  clf thr=0.0   trades=1340  meanR=-0.1160 CI[-0.1665,-0.0661] p=0.000 win=48.4% grossR=+0.037 costR=0.153 | 100->24.98U (-75.0% over 4.5y, CAGR -26.5%, maxDD 75.0%)
  clf thr=0.05  trades=994   meanR=-0.1597 CI[-0.2190,-0.1006] p=0.000 win=46.3% grossR=+0.001 costR=0.160 | 100->24.71U (-75.3% over 4.5y, CAGR -26.7%, maxDD 75.3%)
  clf thr=0.1   trades=771   meanR=-0.1529 CI[-0.2199,-0.0855] p=0.000 win=47.0% grossR=+0.022 costR=0.175 | 100->36.69U (-63.3% over 4.5y, CAGR -20.0%, maxDD 63.3%)

========================================================================================================
stop_scale=2.0  pool=110,208  15m
========================================================================================================
  reg thr=0.0   trades=883   meanR=-0.0182 CI[-0.0660,+0.0302] p=0.232 win=48.2% grossR=+0.067 costR=0.085 | 100->86.49U (-13.5% over 4.5y, CAGR -3.2%, maxDD 18.3%)
  reg thr=0.05  trades=649   meanR=-0.0671 CI[-0.1233,-0.0109] p=0.009 win=45.1% grossR=+0.018 costR=0.085 | 100->67.91U (-32.1% over 4.5y, CAGR -8.2%, maxDD 33.2%)
  reg thr=0.1   trades=567   meanR=-0.0309 CI[-0.0934,+0.0319] p=0.163 win=47.3% grossR=+0.057 costR=0.088 | 100->85.23U (-14.8% over 4.5y, CAGR -3.5%, maxDD 24.7%)
  clf thr=0.0   trades=737   meanR=-0.0606 CI[-0.1139,-0.0076] p=0.012 win=45.7% grossR=+0.027 costR=0.087 | 100->69.78U (-30.2% over 4.5y, CAGR -7.7%, maxDD 33.0%)
  clf thr=0.05  trades=601   meanR=-0.0288 CI[-0.0885,+0.0310] p=0.173 win=48.9% grossR=+0.061 costR=0.090 | 100->86.34U (-13.7% over 4.5y, CAGR -3.2%, maxDD 20.4%)
  clf thr=0.1   trades=362   meanR=-0.0519 CI[-0.1326,+0.0295] p=0.103 win=47.8% grossR=+0.042 costR=0.094 | 100->84.81U (-15.2% over 4.5y, CAGR -3.6%, maxDD 18.7%)

========================================================================================================
stop_scale=3.5  pool=110,208  15m
========================================================================================================
  reg thr=0.0   trades=449   meanR=-0.0186 CI[-0.0716,+0.0345] p=0.242 win=43.4% grossR=+0.045 costR=0.063 | 100->93.87U (-6.1% over 4.5y, CAGR -1.4%, maxDD 9.8%)
  reg thr=0.05  trades=366   meanR=-0.0176 CI[-0.0774,+0.0437] p=0.287 win=45.9% grossR=+0.046 costR=0.064 | 100->95.52U (-4.5% over 4.5y, CAGR -1.0%, maxDD 7.3%)
  reg thr=0.1   trades=280   meanR=-0.0147 CI[-0.0840,+0.0556] p=0.342 win=46.1% grossR=+0.050 costR=0.065 | 100->95.89U (-4.1% over 4.5y, CAGR -0.9%, maxDD 7.0%)
  clf thr=0.0   trades=368   meanR=-0.0199 CI[-0.0782,+0.0375] p=0.245 win=47.6% grossR=+0.040 costR=0.060 | 100->94.78U (-5.2% over 4.5y, CAGR -1.2%, maxDD 10.3%)
  clf thr=0.05  trades=246   meanR=-0.0478 CI[-0.1185,+0.0233] p=0.094 win=46.3% grossR=+0.012 costR=0.060 | 100->90.52U (-9.5% over 4.5y, CAGR -2.2%, maxDD 10.7%)
  clf thr=0.1   trades=151   meanR=-0.0023 CI[-0.0908,+0.0863] p=0.481 win=47.0% grossR=+0.061 costR=0.063 | 100->99.38U (-0.6% over 4.5y, CAGR -0.1%, maxDD 5.3%)

========================================================================================================
stop_scale=5.0  pool=110,208  15m
========================================================================================================
  reg thr=0.0   trades=289   meanR=+0.0094 CI[-0.0456,+0.0634] p=0.628 win=48.4% grossR=+0.060 costR=0.050 | 100->103.16U (+3.2% over 4.5y, CAGR +0.7%, maxDD 4.4%)
  reg thr=0.05  trades=217   meanR=+0.0015 CI[-0.0650,+0.0673] p=0.517 win=45.2% grossR=+0.054 costR=0.053 | 100->101.72U (+1.7% over 4.5y, CAGR +0.4%, maxDD 2.7%)
  reg thr=0.1   trades=150   meanR=-0.0094 CI[-0.0891,+0.0713] p=0.406 win=38.7% grossR=+0.045 costR=0.054 | 100->99.68U (-0.3% over 4.5y, CAGR -0.1%, maxDD 2.8%)
  clf thr=0.0   trades=181   meanR=-0.0004 CI[-0.0689,+0.0692] p=0.500 win=44.8% grossR=+0.049 costR=0.049 | 100->100.39U (+0.4% over 4.5y, CAGR +0.1%, maxDD 3.6%)
  clf thr=0.05  trades=130   meanR=+0.0139 CI[-0.0652,+0.0940] p=0.636 win=47.7% grossR=+0.062 costR=0.048 | 100->101.96U (+2.0% over 4.5y, CAGR +0.4%, maxDD 4.0%)
  clf thr=0.1   trades=72    meanR=+0.0509 CI[-0.0649,+0.1675] p=0.801 win=45.8% grossR=+0.101 costR=0.050 | 100->104.10U (+4.1% over 4.5y, CAGR +0.9%, maxDD 2.6%)

========================================================================================================
DEFINITIVE OUT-OF-SAMPLE  (9 walk-forward folds, executed trades only)
========================================================================================================
 tf  stop_scale method  thr  trades  mean_R   ci_lo   ci_hi  p_gt_0  win_rate  gross_r  cost_r      end    cagr  max_dd
 15         1.0    reg 0.00    1043 -0.1384 -0.1946 -0.0813  0.0000    0.4612   0.0008  0.1392  27.5457 -0.2491  0.7245
 15         1.0    reg 0.05     959 -0.1060 -0.1647 -0.0477  0.0001    0.4880   0.0378  0.1438  42.2531 -0.1742  0.5817
 15         1.0    reg 0.10     767 -0.1294 -0.1961 -0.0630  0.0000    0.4720   0.0195  0.1489  43.2190 -0.1701  0.5678
 15         1.0    clf 0.00    1340 -0.1160 -0.1665 -0.0661  0.0000    0.4836   0.0370  0.1530  24.9815 -0.2653  0.7502
 15         1.0    clf 0.05     994 -0.1597 -0.2190 -0.1006  0.0000    0.4628   0.0006  0.1603  24.7103 -0.2670  0.7529
 15         1.0    clf 0.10     771 -0.1529 -0.2199 -0.0855  0.0000    0.4695   0.0219  0.1748  36.6883 -0.1997  0.6331
 15         2.0    reg 0.00     883 -0.0182 -0.0660  0.0302  0.2324    0.4824   0.0671  0.0853  86.4935 -0.0317  0.1827
 15         2.0    reg 0.05     649 -0.0671 -0.1233 -0.0109  0.0091    0.4515   0.0179  0.0850  67.9096 -0.0824  0.3318
 15         2.0    reg 0.10     567 -0.0309 -0.0934  0.0319  0.1634    0.4727   0.0568  0.0877  85.2323 -0.0349  0.2467
 15         2.0    clf 0.00     737 -0.0606 -0.1139 -0.0076  0.0120    0.4573   0.0266  0.0871  69.7773 -0.0769  0.3305
 15         2.0    clf 0.05     601 -0.0288 -0.0885  0.0310  0.1730    0.4892   0.0612  0.0900  86.3389 -0.0321  0.2039
 15         2.0    clf 0.10     362 -0.0519 -0.1326  0.0295  0.1034    0.4779   0.0421  0.0939  84.8064 -0.0360  0.1874
 15         3.5    reg 0.00     449 -0.0186 -0.0716  0.0345  0.2421    0.4343   0.0446  0.0632  93.8696 -0.0140  0.0983
 15         3.5    reg 0.05     366 -0.0176 -0.0774  0.0437  0.2872    0.4590   0.0463  0.0638  95.5175 -0.0101  0.0731
 15         3.5    reg 0.10     280 -0.0147 -0.0840  0.0556  0.3416    0.4607   0.0500  0.0647  95.8924 -0.0093  0.0700
 15         3.5    clf 0.00     368 -0.0199 -0.0782  0.0375  0.2446    0.4755   0.0399  0.0598  94.7833 -0.0118  0.1029
 15         3.5    clf 0.05     246 -0.0478 -0.1185  0.0233  0.0944    0.4634   0.0125  0.0603  90.5178 -0.0219  0.1069
 15         3.5    clf 0.10     151 -0.0023 -0.0908  0.0863  0.4814    0.4702   0.0609  0.0632  99.3821 -0.0014  0.0529
 15         5.0    reg 0.00     289  0.0094 -0.0456  0.0634  0.6281    0.4844   0.0599  0.0504 103.1569  0.0069  0.0439
 15         5.0    reg 0.05     217  0.0015 -0.0650  0.0673  0.5172    0.4516   0.0542  0.0527 101.7209  0.0038  0.0271
 15         5.0    reg 0.10     150 -0.0094 -0.0891  0.0713  0.4064    0.3867   0.0451  0.0545  99.6843 -0.0007  0.0278
 15         5.0    clf 0.00     181 -0.0004 -0.0689  0.0692  0.4996    0.4475   0.0486  0.0490 100.3851  0.0009  0.0361
 15         5.0    clf 0.05     130  0.0139 -0.0652  0.0940  0.6364    0.4769   0.0620  0.0481 101.9580  0.0043  0.0398
 15         5.0    clf 0.10      72  0.0509 -0.0649  0.1675  0.8013    0.4583   0.1008  0.0499 104.0961  0.0090  0.0262

best: clf thr=0.1 scale=5.0 -> mean R +0.0509, 95% CI [-0.0649, +0.1675]
VERDICT: interval includes 0 - no statistically proven edge
