
================================================================================================================
stop_scale=2.0   tf=15m   ML reg thr=0.10   9 walk-forward folds, pooled executed trades
================================================================================================================
mode             fill%  trades   gross_r   cost_r    net R                95% CI     CAGR   maxDD
taker           100.0%     567    +0.057    0.088  -0.0309       [-0.093,+0.032]    -3.5%   24.7%
po 0.00          99.4%     577    +0.047    0.069  -0.0213       [-0.083,+0.040]    -2.4%   19.5%
po 0.15          76.9%     587    +0.069    0.069  +0.0002       [-0.061,+0.061]    -0.1%   12.6%
po 0.30          57.0%     511    +0.050    0.069  -0.0195       [-0.085,+0.047]    -2.1%   15.4%
po 0.50          36.3%     490    +0.092    0.070  +0.0214       [-0.046,+0.088]    +1.6%    4.8%
po 0.30 q50%     56.6%     223    +0.083    0.083  -0.0008       [-0.103,+0.101]    -0.0%    5.8%
po 0.50 q50%     36.0%     199    +0.062    0.084  -0.0224       [-0.131,+0.087]    -0.3%    4.8%

================================================================================================================
stop_scale=3.5   tf=15m   ML reg thr=0.10   9 walk-forward folds, pooled executed trades
================================================================================================================
mode             fill%  trades   gross_r   cost_r    net R                95% CI     CAGR   maxDD
taker           100.0%     280    +0.050    0.065  -0.0147       [-0.084,+0.056]    -0.9%    7.0%
po 0.00          99.4%     281    +0.042    0.051  -0.0091       [-0.078,+0.061]    -0.6%    5.9%
po 0.15          75.9%     261    +0.046    0.051  -0.0052       [-0.075,+0.066]    -0.3%    5.8%
po 0.30          56.6%     233    +0.046    0.052  -0.0068       [-0.084,+0.070]    -0.2%    5.7%
po 0.50          36.4%     203    +0.033    0.054  -0.0210       [-0.103,+0.060]    -0.9%    5.9%
po 0.30 q50%     56.3%      62    +0.086    0.087  -0.0008       [-0.167,+0.165]    +0.0%    1.0%
po 0.50 q50%     36.2%      58    +0.022    0.088  -0.0657       [-0.227,+0.096]    -0.4%    1.7%

================================================================================================================
stop_scale=5.0   tf=15m   ML reg thr=0.10   9 walk-forward folds, pooled executed trades
================================================================================================================
mode             fill%  trades   gross_r   cost_r    net R                95% CI     CAGR   maxDD
taker           100.0%     150    +0.045    0.054  -0.0094       [-0.089,+0.071]    -0.1%    2.8%
po 0.00          99.4%     152    +0.040    0.043  -0.0028       [-0.082,+0.080]    +0.1%    2.2%
po 0.15          76.1%     145    +0.047    0.043  +0.0041       [-0.078,+0.087]    +0.2%    2.4%
po 0.30          57.0%     137    +0.051    0.043  +0.0080       [-0.076,+0.093]    +0.3%    1.6%
po 0.50          36.5%     112    +0.015    0.045  -0.0298       [-0.118,+0.062]    -0.6%    2.7%
po 0.30 q50%     56.8%      41    +0.160    0.066  +0.0939       [-0.069,+0.257]    +0.3%    0.6%
po 0.50 q50%     36.5%      38    +0.133    0.067  +0.0655       [-0.116,+0.243]    +0.2%    0.7%

================================================================================================================
VERDICT
================================================================================================================

stop_scale 2.0:
  taker baseline      net_R -0.0309  cost_r 0.0877  CAGR -3.5%
  best post-only      po 0.50        net_R +0.0214  cost_r 0.0705  fill 36%  CAGR +1.6%
  improvement         +0.0523 R/trade  (HELPS)
  CI excludes zero    no

stop_scale 3.5:
  taker baseline      net_R -0.0147  cost_r 0.0647  CAGR -0.9%
  best post-only      po 0.30 q50%   net_R -0.0008  cost_r 0.0871  fill 56%  CAGR +0.0%
  improvement         +0.0139 R/trade  (HELPS)
  CI excludes zero    no

stop_scale 5.0:
  taker baseline      net_R -0.0094  cost_r 0.0545  CAGR -0.1%
  best post-only      po 0.30 q50%   net_R +0.0939  cost_r 0.0657  fill 57%  CAGR +0.3%
  improvement         +0.1033 R/trade  (HELPS)
  CI excludes zero    no
