  swept combo_breakout_confirmed 30m -> best stop_mult=7.0
  swept combo_breakout_confirmed 15m -> best stop_mult=9.0
  swept combo_funding_reversion 30m -> best stop_mult=1.5
  swept combo_funding_reversion 15m -> best stop_mult=2.5
  swept supertrend_flip 30m -> best stop_mult=7.0
  swept donchian_breakout 30m -> best stop_mult=7.0
  swept combo_trend_pullback 30m -> best stop_mult=9.0
  swept combo_vol_flow 15m -> best stop_mult=7.0

==============================================================================================================
TRAIN: expectancy vs stop width (TRAIN 2020-01..2023-12 only)
==============================================================================================================

combo_breakout_confirmed 15m
 stop_mult  trades  gross_r  cost_r   exp_r  sharpe  max_dd
       1.5    1308   0.0715  0.2550 -0.1835 -0.3384  0.8776
       2.5    1541   0.0619  0.1427 -0.0807 -0.1528  0.6877
       3.5    1207   0.0346  0.1081 -0.0735 -0.1182  0.5920
       5.0     964   0.0398  0.0799 -0.0401 -0.0601  0.3838
       7.0     742   0.0357  0.0607 -0.0250 -0.0331  0.2112
       9.0     596   0.0369  0.0503 -0.0135 -0.0162  0.1782

combo_breakout_confirmed 30m
 stop_mult  trades  gross_r  cost_r   exp_r  sharpe  max_dd
       1.5    1039   0.0912  0.1529 -0.0617 -0.0899  0.4733
       2.5     776   0.0820  0.0970 -0.0151 -0.0104  0.2309
       3.5     591   0.0870  0.0738  0.0132  0.0252  0.1633
       5.0     409   0.0955  0.0553  0.0402  0.0396  0.1413
       7.0     303   0.0911  0.0424  0.0487  0.0703  0.0977
       9.0     211   0.0854  0.0353  0.0501  0.0577  0.0696

combo_funding_reversion 15m
 stop_mult  trades  gross_r  cost_r   exp_r  sharpe  max_dd
       1.5     744   0.1143  0.1823 -0.0680 -0.0752  0.3879
       2.5     420   0.0806  0.1163 -0.0357 -0.0233  0.2045
       3.5     254   0.0465  0.0920 -0.0455 -0.0303  0.1451
       5.0     151  -0.0029  0.0703 -0.0732 -0.0363  0.1135
       7.0     123  -0.0011  0.0517 -0.0528 -0.0286  0.0810
       9.0     105   0.0196  0.0408 -0.0212 -0.0081  0.0550

combo_funding_reversion 30m
 stop_mult  trades  gross_r  cost_r   exp_r  sharpe  max_dd
       1.5     435   0.0743  0.1255 -0.0512 -0.0509  0.2453
       2.5     191   0.0513  0.0818 -0.0305 -0.0074  0.1284
       3.5     100   0.0139  0.0640 -0.0500 -0.0176  0.0862
       5.0      76   0.1046  0.0459  0.0587  0.0316  0.0521
       7.0      49   0.0692  0.0343  0.0349  0.0185  0.0274
       9.0      43   0.0290  0.0271  0.0019 -0.0049  0.0229

combo_trend_pullback 30m
 stop_mult  trades  gross_r  cost_r   exp_r  sharpe  max_dd
       1.5    1247   0.0332  0.1945 -0.1614 -0.2644  0.8313
       2.5     908   0.0125  0.1215 -0.1090 -0.1566  0.5897
       3.5     762   0.0398  0.0870 -0.0473 -0.0526  0.3169
       5.0     563   0.0171  0.0654 -0.0483 -0.0708  0.2501
       7.0     472   0.0328  0.0495 -0.0167 -0.0244  0.1319
       9.0     386   0.0527  0.0401  0.0126  0.0268  0.0776

combo_vol_flow 15m
 stop_mult  trades  gross_r  cost_r   exp_r  sharpe  max_dd
       1.5     433   0.2321  0.5458 -0.3137 -0.2837  0.7288
       2.5     371   0.1774  0.3298 -0.1525 -0.1358  0.4861
       3.5     328   0.1566  0.2313 -0.0747 -0.0721  0.3473
       5.0     297   0.1042  0.1668 -0.0625 -0.0588  0.2609
       7.0     279   0.0916  0.1205 -0.0289 -0.0262  0.1785
       9.0     269   0.0640  0.0951 -0.0311 -0.0433  0.1637

donchian_breakout 30m
 stop_mult  trades  gross_r  cost_r   exp_r  sharpe  max_dd
       1.5    1385   0.0830  0.1531 -0.0701 -0.1537  0.6512
       2.5    1102   0.0490  0.0929 -0.0439 -0.0708  0.4627
       3.5     875   0.0495  0.0685 -0.0190 -0.0295  0.3549
       5.0     582   0.0649  0.0510  0.0139  0.0266  0.1113
       7.0     409   0.0666  0.0386  0.0280  0.0488  0.1000
       9.0     271   0.0543  0.0315  0.0227  0.0331  0.0781

supertrend_flip 30m
 stop_mult  trades  gross_r  cost_r   exp_r  sharpe  max_dd
       1.5    1292   0.1107  0.1996 -0.0889 -0.1570  0.6613
       2.5    1139   0.0799  0.1249 -0.0450 -0.0600  0.4745
       3.5     893   0.0806  0.0931 -0.0125 -0.0152  0.3692
       5.0     620   0.0805  0.0705  0.0099  0.0254  0.1752
       7.0     479   0.0747  0.0544  0.0203  0.0269  0.1783
       9.0     377   0.0518  0.0454  0.0063  0.0175  0.1419

==============================================================================================================
TEST: the stop width chosen on train, then frozen
==============================================================================================================
                strategy  tf  stop_mult  tr_trades  tr_expectancy_r  tr_sharpe  te_trades  te_expectancy_r  te_sharpe  te_max_dd  te_win_rate  te_profit_factor  te_net_return  te_avg_gross_r  te_avg_cost_r
combo_breakout_confirmed  30        7.0        303           0.0487     0.0703          3           0.2489     0.0319     0.0131       0.6667            2.1296         0.0080          0.3374         0.0885
combo_breakout_confirmed  15        9.0        596          -0.0135    -0.0162         36           0.1360     0.0547     0.0310       0.5556            1.4968         0.0377          0.2615         0.1255
 combo_funding_reversion  30        1.5        435          -0.0512    -0.0509        114           0.0952     0.0754     0.0779       0.5965            1.2797         0.1147          0.2647         0.1696
 combo_funding_reversion  15        2.5        420          -0.0357    -0.0233         87           0.1626     0.0909     0.0551       0.6092            1.5070         0.1323          0.3134         0.1507
         supertrend_flip  30        7.0        479           0.0203     0.0269         28          -0.0545    -0.0037     0.0470       0.4643            0.9517        -0.0045          0.0758         0.1302
       donchian_breakout  30        7.0        409           0.0280     0.0488          3          -0.2567    -0.0519     0.0119       0.0000            0.0000        -0.0071         -0.1728         0.0839
    combo_trend_pullback  30        9.0        386           0.0126     0.0268          0           0.0000     0.0000     0.0000       0.0000            0.0000         0.0000          0.0000         0.0000
          combo_vol_flow  15        7.0        279          -0.0289    -0.0262        147          -0.0377    -0.0261     0.0983       0.5034            0.8793        -0.0340          0.1464         0.1840

  te_net_return is on 100 USDT starting equity, 2024-01 .. 2026-08 (2.67 years)

==============================================================================================================
SURVIVORS: walk-forward over the full history + bootstrap CI
==============================================================================================================

--- combo_breakout_confirmed 30m stop_mult=7.0 ---
    strategy           combo_breakout_confirmed
    tf                 30
    trades             311
    mean_R             0.0427
    ci_lo              -0.0345
    ci_hi              0.1208
    p_mean_gt_0        0.8655
    verdict            CI straddles 0

  walk-forward folds for combo_breakout_confirmed 30m (9 folds)
   2022-01:+0.22/2t  2022-07:+0.01/49t  2023-01:+0.05/41t  2023-07:-0.11/35t  2024-01:+0.10/1t  2024-07:+0.00/0t  2025-01:+0.00/0t  2025-07:+0.00/0t  2026-01:+0.00/0t
   positive folds: 4/9   median Sharpe +0.000   total return +0.6%   worst DD 7.2%

--- combo_funding_reversion 15m stop_mult=2.5 ---
    strategy           combo_funding_reversion
    tf                 15
    trades             499
    mean_R             -0.007
    ci_lo              -0.091
    ci_hi              0.0754
    p_mean_gt_0        0.4295
    verdict            CI straddles 0

  walk-forward folds for combo_funding_reversion 15m (9 folds)
   2022-01:+0.12/1t  2022-07:-0.15/3t  2023-01:-0.12/1t  2023-07:-0.11/24t  2024-01:+0.26/72t  2024-07:-0.11/13t  2025-01:+0.00/0t  2025-07:+0.00/0t  2026-01:+0.00/0t
   positive folds: 2/9   median Sharpe +0.000   total return +6.8%   worst DD 6.6%

--- combo_breakout_confirmed 15m stop_mult=9.0 ---
    strategy           combo_breakout_confirmed
    tf                 15
    trades             626
    mean_R             -0.006
    ci_lo              -0.0512
    ci_hi              0.038
    p_mean_gt_0        0.3952
    verdict            CI straddles 0

  walk-forward folds for combo_breakout_confirmed 15m (9 folds)
   2022-01:-0.04/9t  2022-07:-0.12/113t  2023-01:-0.10/95t  2023-07:-0.15/82t  2024-01:+0.01/10t  2024-07:-0.01/3t  2025-01:+0.25/2t  2025-07:+0.15/1t  2026-01:-0.03/4t
   positive folds: 3/9   median Sharpe -0.035   total return -12.2%   worst DD 8.6%
