
================================================================================================================
tf=5m  stop_scale=2.0  post-only offset 0.20  ML reg thr=0.10
================================================================================================================
   hold   bars  trades  fill%  avg_bars   gross_r   cost_r    net R                95% CI    CAGR   maxDD
    2h     24      19    74%      23.5    -0.033    0.063  -0.0961       [-0.295,+0.115]   -0.4%    1.8%
    3h     36      95    74%      31.1    +0.005    0.091  -0.0863       [-0.208,+0.036]   -1.9%    8.4%
    4h     48     139    66%      38.9    +0.010    0.105  -0.0957       [-0.216,+0.024]   -2.7%   11.6%
    6h     72     230    68%      52.9    +0.041    0.115  -0.0738       [-0.175,+0.027]   -4.0%   16.7%
    8h     96     274    67%      60.7    -0.065    0.116  -0.1810       [-0.279,-0.084]   -9.4%   35.9%

================================================================================================================
tf=5m  stop_scale=3.5  post-only offset 0.20  ML reg thr=0.10
================================================================================================================
   hold   bars  trades  fill%  avg_bars   gross_r   cost_r    net R                95% CI    CAGR   maxDD
    2h     24       5    67%      24.0    -0.001    0.128  -0.1285       [-0.266,+0.081]   -0.1%    0.9%
    3h     36      51    71%      33.9    +0.067    0.114  -0.0467       [-0.161,+0.070]   -0.5%    2.6%
    4h     48      96    69%      43.5    +0.067    0.104  -0.0377       [-0.140,+0.067]   -0.7%    4.7%
    6h     72     176    67%      63.3    +0.103    0.095  +0.0076       [-0.082,+0.098]   +0.5%    4.6%
    8h     96     230    69%      76.4    +0.048    0.094  -0.0467       [-0.140,+0.048]   -2.2%   11.8%

================================================================================================================
tf=5m  stop_scale=5.0  post-only offset 0.20  ML reg thr=0.10
================================================================================================================
   hold   bars  trades  fill%  avg_bars   gross_r   cost_r    net R                95% CI    CAGR   maxDD
    2h     24       6    86%      24.0    -0.028    0.085  -0.1134       [-0.202,-0.039]   -0.1%    0.6%
    3h     36      19    68%      35.9    +0.073    0.074  -0.0010       [-0.125,+0.146]   -0.0%    0.6%
    4h     48      51    62%      45.7    +0.055    0.072  -0.0177       [-0.137,+0.104]   -0.3%    2.0%
    6h     72     120    67%      65.3    +0.086    0.072  +0.0140       [-0.080,+0.109]   +0.5%    1.7%
    8h     96     168    66%      86.6    +0.056    0.070  -0.0142       [-0.103,+0.075]   -0.3%    1.9%

================================================================================================================
tf=15m  stop_scale=2.0  post-only offset 0.20  ML reg thr=0.10
================================================================================================================
   hold   bars  trades  fill%  avg_bars   gross_r   cost_r    net R                95% CI    CAGR   maxDD
    8h     32       1    64%      32.0    -0.079    0.021  -0.0997       [-0.100,-0.100]   -0.0%    0.1%

================================================================================================================
tf=15m  stop_scale=3.5  post-only offset 0.20  ML reg thr=0.10
================================================================================================================
   hold   bars  trades  fill%  avg_bars   gross_r   cost_r    net R                95% CI    CAGR   maxDD

================================================================================================================
tf=15m  stop_scale=5.0  post-only offset 0.20  ML reg thr=0.10
================================================================================================================
   hold   bars  trades  fill%  avg_bars   gross_r   cost_r    net R                95% CI    CAGR   maxDD

================================================================================================================
VERDICT
================================================================================================================
configurations tested: 16   CI excluding zero: 0

none exclude zero. best by mean_R:
 tf  stop_scale  hold_hours  trades    mean_R     ci_lo    ci_hi      cagr   max_dd
  5         5.0         6.0     120  0.014037 -0.079503 0.109268  0.004522 0.016883
  5         3.5         6.0     176  0.007598 -0.081872 0.097825  0.004727 0.045589
  5         5.0         3.0      19 -0.000993 -0.125028 0.146293 -0.000283 0.006449
  5         5.0         8.0     168 -0.014243 -0.103156 0.075065 -0.002703 0.018978
  5         5.0         4.0      51 -0.017686 -0.137205 0.104084 -0.002503 0.020038

ranked by separation from zero (mean_R / CI width):
 tf  stop_scale  hold_hours  trades    mean_R       sep     ci_lo    ci_hi
  5         5.0         6.0     120  0.014037  0.074360 -0.079503 0.109268
  5         3.5         6.0     176  0.007598  0.042281 -0.081872 0.097825
  5         5.0         3.0      19 -0.000993 -0.003659 -0.125028 0.146293
  5         5.0         4.0      51 -0.017686 -0.073299 -0.137205 0.104084
  5         5.0         8.0     168 -0.014243 -0.079916 -0.103156 0.075065
