configs: 82   train: 2020-01..2023-12   test: 2024-01-01..2026-08
  train 25/82
  train 50/82
  train 75/82
  train 82/82

train results: 82

=== shortlist (train Sharpe, >= 150 trades) ===
                strategy  tf  tr_trades  tr_sharpe  tr_max_dd  tr_win_rate  tr_profit_factor  tr_expectancy_r  tr_exposure  tr_fees_pct_equity
combo_breakout_confirmed  30        824   0.025014   0.309775     0.529126          1.014968         0.008941     0.187340            0.715172
              combo_vote  15       3059  -0.005498   0.963860     0.543969          0.964661        -0.055935     0.709091            3.872654
         supertrend_flip  30       1257  -0.012243   0.544620     0.523469          0.970790        -0.017455     0.314700            1.315487
  combo_vwap_trend_aware  30        703  -0.020765   0.270143     0.526316          0.947721        -0.023233     0.102504            0.574808
 combo_funding_reversion  15        552  -0.022921   0.183584     0.561594          0.928951        -0.028433     0.039610            0.477213
combo_breakout_confirmed  15       1402  -0.027179   0.586085     0.495007          0.910154        -0.049500     0.243057            1.134425
          vwap_reversion  30       1505  -0.040159   0.572095     0.523588          0.952757        -0.026719     0.239419            1.055190
 combo_funding_reversion  30        299  -0.046846   0.260863     0.525084          0.861182        -0.081161     0.042525            0.187732
       donchian_breakout  30       1194  -0.064300   0.539840     0.494975          0.916505        -0.050101     0.247818            0.658303
    combo_session_window  30        408  -0.078030   0.435931     0.495098          0.857657        -0.100489     0.037833            0.440779
       donchian_breakout  15       1812  -0.086117   0.733016     0.492826          0.868394        -0.074897     0.287095            1.073515
           flow_momentum  15        182  -0.087368   0.290102     0.516484          0.717715        -0.173217     0.014475            0.370560
              combo_vote  30       2220  -0.087799   0.795404     0.532432          0.922635        -0.061612     0.434573            1.583479
       donchian_breakout  15       2245  -0.095903   0.700636     0.512695          0.897760        -0.049590     0.212795            1.244563
combo_breakout_confirmed  15       1552  -0.103063   0.733457     0.509665          0.868881        -0.090427     0.155758            1.013788
            bb_reversion  30       1344  -0.107821   0.630179     0.508929          0.890778        -0.058032     0.135631            0.916709
              combo_vote   5       1542  -0.135241   0.987159     0.518807          0.723846        -0.277997     0.110301            1.097849
               adx_trend  30       1570  -0.135993   0.752526     0.491083          0.859516        -0.094975     0.378244            0.833416
          combo_vol_flow  15        367  -0.146832   0.627879     0.528610          0.747883        -0.222347     0.027267            0.895307
          combo_vol_flow  15        354  -0.158323   0.594312     0.440678          0.684040        -0.254168     0.029870            0.802034
  test 1/20
  test 2/20
  test 3/20
  test 4/20
  test 5/20
  test 6/20
  test 7/20
  test 8/20
  test 9/20
  test 10/20
  test 11/20
  test 12/20
  test 13/20
  test 14/20
  test 15/20
  test 16/20
  test 17/20
  test 18/20
  test 19/20
  test 20/20

=== TRAIN vs TEST (out-of-sample) ===
                strategy  tf  tr_trades  tr_sharpe  te_trades  te_sharpe  sharpe_decay  te_max_dd  te_win_rate  te_profit_factor  te_expectancy_r  te_net_return  te_fees_pct_equity
 combo_funding_reversion  15        552  -0.022921        134   0.088693     -0.111614   0.102725     0.656716          1.343865         0.138486       0.186864            0.182663
 combo_funding_reversion  30        299  -0.046846         72   0.069470     -0.116316   0.063253     0.638889          1.380725         0.153568       0.099099            0.065339
              combo_vote  15       3059  -0.005498       1068  -0.058648      0.053151   0.867645     0.551498          0.858013        -0.153791      -0.758515            1.354032
combo_breakout_confirmed  30        824   0.025014        417  -0.067442      0.092456   0.436900     0.505995          0.873501        -0.072209      -0.275224            0.384813
         supertrend_flip  30       1257  -0.012243        550  -0.088982      0.076738   0.447457     0.509091          0.843773        -0.110245      -0.379794            0.551507
       donchian_breakout  15       1812  -0.086117        882  -0.105963      0.019846   0.647560     0.497732          0.827413        -0.108720      -0.575996            0.845998
              combo_vote  30       2220  -0.087799        939  -0.116649      0.028850   0.634458     0.539936          0.855456        -0.097786      -0.536279            0.961758
               adx_trend  30       1570  -0.135993        634  -0.118300     -0.017693   0.494736     0.504732          0.815042        -0.115073      -0.452862            0.546226
combo_breakout_confirmed  15       1402  -0.027179        703  -0.118557      0.091378   0.706142     0.477952          0.790558        -0.158777      -0.598507            0.774069
       donchian_breakout  30       1194  -0.064300        459  -0.121487      0.057187   0.463739     0.485839          0.814370        -0.124781      -0.385051            0.347019
          vwap_reversion  30       1505  -0.040159        499  -0.145116      0.104957   0.473442     0.492986          0.791632        -0.117465      -0.393108            0.388847
          combo_vol_flow  15        367  -0.146832        377  -0.157390      0.010558   0.537048     0.572944          0.720595        -0.202386      -0.479270            0.970443
  combo_vwap_trend_aware  30        703  -0.020765        391  -0.161733      0.140969   0.453845     0.488491          0.745221        -0.158822      -0.398293            0.337585
              combo_vote   5       1542  -0.135241       1035  -0.163609      0.028368   0.953930     0.516908          0.736924        -0.335504      -0.937049            1.374287
           flow_momentum  15        182  -0.087368        109  -0.169402      0.082034   0.300933     0.458716          0.496304        -0.360445      -0.280354            0.255472
          combo_vol_flow  15        354  -0.158323        360  -0.173602      0.015278   0.555082     0.486111          0.665086        -0.230000      -0.511661            0.925972
       donchian_breakout  15       2245  -0.095903        833  -0.187648      0.091745   0.694651     0.495798          0.802858        -0.138751      -0.624576            0.743287
combo_breakout_confirmed  15       1552  -0.103063        686  -0.208969      0.105906   0.726660     0.486880          0.759638        -0.210844      -0.678646            0.709973
            bb_reversion  30       1344  -0.107821        486  -0.240255      0.132434   0.575039     0.467078          0.705655        -0.188850      -0.507521            0.444913
    combo_session_window  30        408  -0.078030        304  -0.246686      0.168657   0.531634     0.440789          0.599453        -0.301519      -0.509750            0.307153

written: D:\ai data\btc_futures_dt\results\sweep_merged.csv
